// Jest Snapshot v1, https://goo.gl/fbAQLP

exports[`renders without crashing 1`] = `
<div
  className="App"
>
  <div>
    <div
      className="l-survey-top"
    >
      <button
        onClick={[Function]}
        type="button"
      >
        Can I save my work?
      </button>
      <div
        aria-describedby="example-modal-desc"
        aria-hidden="true"
        aria-labelledby="example-modal-title"
        className="o-modal"
        id="save-work-modal-dialog"
        role="alertdialog"
      >
        <div
          className="o-modal_backdrop"
        />
        <div
          className="o-modal_container"
        >
          <form
            className="o-modal_content"
          >
            <div
              className="o-modal_body"
            >
              <button
                className="o-modal_close a-btn a-btn__link"
                onClick={[Function]}
              >
                Close
                <span
                  className="cf-icon cf-icon-delete-round"
                />
              </button>
              <h1
                id="example-modal-title"
              >
                Saving your work
              </h1>
              <div
                id="example-modal-desc"
              >
                <p>
                  This tool uses cookies to temporarily save your work. To load answers you’ve already completed, use the same computer and browser, and don't clear your cookies.
                </p>
                <p>
                  To save a permanent copy of your work, please download a summary of each dimension as you complete it. You can download an overall summary of findings after completing any dimension as well.
                </p>
                <p>
                  You can only work on a single curriculum at a time.
                </p>
              </div>
            </div>
            <div
              className="o-modal_footer"
            >
              <button
                className="a-btn"
                onClick={[Function]}
              >
                Close
              </button>
            </div>
          </form>
        </div>
      </div>
    </div>
    <h1>
      You’re reviewing: 
    </h1>
    <span />
    <div>
      <div
        className="DistinctivesBlock"
      >
        <ul
          className="o-dimension-selection-bar"
        >
          <li
            className="o-dimension-section-bar_dimension"
          >
            <button
              className="o-dimension-section-bar_selector CONTENT"
              onClick={[Function]}
              type="button"
            >
              <span
                className="o-dimension-section-bar_selector-title"
              >
                <span
                  className="a-icon a-icon__large"
                >
                  <svg
                    className="cf-icon-svg"
                    viewBox="0 0 651.7 1200"
                    xmlns="http://www.w3.org/2000/svg"
                  >
                    <path
                      d="M30 161c-16.5 0-30 13.5-30 30v827.8c0 16.5 13.5 30 30 30h591.7c16.5 0 30-13.5 30-30V343.7L469 161H30zm389.6 60v134.8c0 19.9 16.3 36.2 36.2 36.2h135.9V988.8H60V221h359.6z"
                    />
                    <path
                      d="M123.8 768.6h394.8v50H123.8zM123.8 644h394.8v50H123.8zM123.8 519.5h394.8v50H123.8z"
                    />
                    <circle
                      cx="194"
                      cy="382.3"
                      r="60"
                    />
                  </svg>
                </span>
                 
                Content
                <span
                  className="o-dimension-section-bar_selector-status"
                >
                   
                </span>
              </span>
              <span
                className="o-dimension-section-bar_selector-text"
              >
                Covers core knowledge and skills in national standards
              </span>
            </button>
            <ul
              className="o-dimension-section-bar_dimension-details"
            >
              <li
                className="h6"
              >
                6 criteria
              </li>
              <li
                className="h6"
              >
                30 minutes
              </li>
            </ul>
          </li>
          <li
            className="o-dimension-section-bar_dimension"
          >
            <button
              className="o-dimension-section-bar_selector UTILITY"
              onClick={[Function]}
              type="button"
            >
              <span
                className="o-dimension-section-bar_selector-title"
              >
                <span
                  className="a-icon a-icon__large"
                >
                  <svg
                    className="cf-icon-svg"
                    viewBox="0 0 651.7 1200"
                    xmlns="http://www.w3.org/2000/svg"
                  >
                    <path
                      d="M30 161c-16.5 0-30 13.5-30 30v827.8c0 16.5 13.5 30 30 30h591.7c16.5 0 30-13.5 30-30V343.7L469 161H30zm389.6 60v134.8c0 19.9 16.3 36.2 36.2 36.2h135.9V988.8H60V221h359.6z"
                    />
                    <path
                      d="M123.8 768.6h394.8v50H123.8zM123.8 644h394.8v50H123.8zM123.8 519.5h394.8v50H123.8z"
                    />
                    <circle
                      cx="194"
                      cy="382.3"
                      r="60"
                    />
                  </svg>
                </span>
                 
                Utility
                <span
                  className="o-dimension-section-bar_selector-status"
                >
                   
                </span>
              </span>
              <span
                className="o-dimension-section-bar_selector-text"
              >
                Supports effective teaching
              </span>
            </button>
            <ul
              className="o-dimension-section-bar_dimension-details"
            >
              <li
                className="h6"
              >
                5 criteria
              </li>
              <li
                className="h6"
              >
                30 minutes
              </li>
            </ul>
          </li>
          <li
            className="o-dimension-section-bar_dimension"
          >
            <button
              className="o-dimension-section-bar_selector QUALITY"
              onClick={[Function]}
              type="button"
            >
              <span
                className="o-dimension-section-bar_selector-title"
              >
                <span
                  className="a-icon a-icon__large"
                >
                  <svg
                    className="cf-icon-svg"
                    viewBox="0 0 651.7 1200"
                    xmlns="http://www.w3.org/2000/svg"
                  >
                    <path
                      d="M30 161c-16.5 0-30 13.5-30 30v827.8c0 16.5 13.5 30 30 30h591.7c16.5 0 30-13.5 30-30V343.7L469 161H30zm389.6 60v134.8c0 19.9 16.3 36.2 36.2 36.2h135.9V988.8H60V221h359.6z"
                    />
                    <path
                      d="M123.8 768.6h394.8v50H123.8zM123.8 644h394.8v50H123.8zM123.8 519.5h394.8v50H123.8z"
                    />
                    <circle
                      cx="194"
                      cy="382.3"
                      r="60"
                    />
                  </svg>
                </span>
                 
                Quality
                <span
                  className="o-dimension-section-bar_selector-status"
                >
                   
                </span>
              </span>
              <span
                className="o-dimension-section-bar_selector-text"
              >
                Presents clear, accurate, objective information
              </span>
            </button>
            <ul
              className="o-dimension-section-bar_dimension-details"
            >
              <li
                className="h6"
              >
                4 criteria
              </li>
              <li
                className="h6"
              >
                30 minutes
              </li>
            </ul>
          </li>
          <li
            className="o-dimension-section-bar_dimension"
          >
            <button
              className="o-dimension-section-bar_selector EFFICACY"
              onClick={[Function]}
              type="button"
            >
              <span
                className="o-dimension-section-bar_selector-title"
              >
                <span
                  className="a-icon a-icon__large"
                >
                  <svg
                    className="cf-icon-svg"
                    viewBox="0 0 651.7 1200"
                    xmlns="http://www.w3.org/2000/svg"
                  >
                    <path
                      d="M30 161c-16.5 0-30 13.5-30 30v827.8c0 16.5 13.5 30 30 30h591.7c16.5 0 30-13.5 30-30V343.7L469 161H30zm389.6 60v134.8c0 19.9 16.3 36.2 36.2 36.2h135.9V988.8H60V221h359.6z"
                    />
                    <path
                      d="M123.8 768.6h394.8v50H123.8zM123.8 644h394.8v50H123.8zM123.8 519.5h394.8v50H123.8z"
                    />
                    <circle
                      cx="194"
                      cy="382.3"
                      r="60"
                    />
                  </svg>
                </span>
                 
                Efficacy
                <span
                  className="o-dimension-section-bar_selector-status"
                >
                   
                </span>
              </span>
              <span
                className="o-dimension-section-bar_selector-text"
              >
                Has validated impact on knowledge, skills, or behaviors
              </span>
            </button>
            <ul
              className="o-dimension-section-bar_dimension-details"
            >
              <li
                className="h6"
              >
                1 to 3 criteria
              </li>
              <li
                className="h6"
              >
                30 minutes
              </li>
            </ul>
          </li>
        </ul>
      </div>
      <br />
      <div
        className="u-center"
      >
        <button
          className="a-btn a-btn__super"
        >
          Final Summary
        </button>
      </div>
    </div>
    <div>
      <div />
    </div>
    <div
      className="block block__flush-bottom block__padded-top block__border-top"
    >
      <div
        className="m-btn-group m-btn-group__wide"
      >
        <button
          className="a-btn"
          disabled={true}
        >
          Continue to summary
        </button>
           
        <span>
          <button
            className="a-btn a-btn__link"
            onClick={[Function]}
          >
            Start over with a new review
          </button>
          <div
            aria-describedby="modal-desc-start-over"
            aria-hidden="true"
            aria-labelledby="modal-title-start-over"
            className="o-modal"
            id="modal-dialog-start-over"
            role="alertdialog"
          >
            <div
              className="o-modal_backdrop"
            />
            <div
              className="o-modal_container"
            >
              <form
                className="o-modal_content"
              >
                <div
                  className="o-modal_body"
                >
                  <button
                    className="o-modal_close a-btn a-btn__link"
                    onClick={[Function]}
                  >
                    Close
                    <span
                      className="a-icon a-icon__large"
                    >
                      <svg
                        className="cf-icon-svg"
                        viewBox="0 0 1000 1200"
                        xmlns="http://www.w3.org/2000/svg"
                      >
                        <path
                          d="M500 105.2c-276.1 0-500 223.9-500 500s223.9 500 500 500 500-223.9 500-500-223.9-500-500-500zm261.8 692.2c19.4 19.6 19.3 51.3-.3 70.7-19.5 19.3-50.9 19.3-70.4 0L499.6 676.6 308 868.1c-19.6 19.4-51.3 19.3-70.7-.3-19.3-19.5-19.3-50.9 0-70.4l191.6-191.5-191.6-191.6c-19.3-19.8-18.9-51.4.9-70.7 19.4-18.9 50.4-18.9 69.8 0l191.6 191.5 191.5-191.5c19.6-19.4 51.3-19.3 70.7.3 19.3 19.5 19.3 50.9 0 70.4L570.3 605.9l191.5 191.5z"
                        />
                      </svg>
                    </span>
                  </button>
                  <h1
                    id="modal-title-start-over"
                  >
                    Starting over
                  </h1>
                  <div
                    id="modal-desc-start-over"
                  >
                    <p>
                      Starting a new review will erase your answers for all dimensions. Are you sure you want to start a new review?
                    </p>
                  </div>
                </div>
                <div
                  className="o-modal_footer"
                >
                  <div
                    className="m-btn-group"
                  >
                    <button
                      className="a-btn"
                      formAction="../../tdp/crt-start/"
                      onClick={[Function]}
                    >
                      Yes
                    </button>
                    <button
                      className="a-btn"
                      onClick={[Function]}
                    >
                      No, return to current review
                    </button>
                  </div>
                </div>
              </form>
            </div>
          </div>
        </span>
      </div>
    </div>
  </div>
</div>
`;
