// Jest Snapshot v1, https://goo.gl/fbAQLP

exports[`DistinctiveButton correctly invokes onClick 1`] = `
<button
  onClick={[Function]}
>
  <div
    className="Distinctive"
  >
    <div
      className="DistinctiveBoxFormat"
    >
      <h4>
        Quality
         
        
      </h4>
      <p>
        Accurate and well presented
        <br />
        <br />
        5 criteria
        <br />
        Est. time 30 min
      </p>
    </div>
  </div>
</button>
`;

exports[`DistinctiveButton uses state to populate values 1`] = `
<button
  onClick={[Function]}
>
  <div
    className="Distinctive"
  >
    <div
      className="DistinctiveBoxFormat"
    >
      <h4>
        Quality
         
        
      </h4>
      <p>
        Accurate and well presented
        <br />
        <br />
        5 criteria
        <br />
        Est. time 30 min
      </p>
    </div>
  </div>
</button>
`;
